
> kodeme@0.0.0 cy:run:spec
> cypress run --spec cypress/e2e/admin-restaurants.cy.ts


node.exe : 
At C:\Program Files\nodejs\npm.ps1:29 char:3
+   & $NODE_EXE $NPM_CLI_JS $args
+   ~~~~~~~~~~~~~~~~~~~~~~~~~~~~~
    + CategoryInfo          : NotSpecified: (:String) [], RemoteException
    + FullyQualifiedErrorId : NativeCommandError
 
DevTools listening on ws://127.0.0.1:61664/devtools/browser/7e445f7c-8239-4359-9272-1073789b788a
(node:3828) ExperimentalWarning: `--experimental-loader` may be removed in the future; instead use 
`register()`:
--import 'data:text/javascript,import { register } from "node:module"; import { pathToFileURL } 
from "node:url"; register("file%3A///C%3A/Users/istan/AppData/Local/Cypress/Cache/13.17.0/Cypress/r
esources/app/node_modules/ts-node/esm/transpile-only.mjs", pathToFileURL("./"));'
(Use `node --trace-warnings ...` to show where the warning was created)
(node:3828) [DEP0180] DeprecationWarning: fs.Stats constructor is deprecated.
(Use `node --trace-deprecation ...` to show where the warning was created)

====================================================================================================

  (Run Starting)

  ΓöîΓöÇΓöÇΓöÇΓöÇΓöÇΓöÇΓöÇΓöÇΓöÇΓöÇΓöÇΓöÇΓöÇΓöÇΓöÇΓöÇΓöÇΓöÇΓöÇΓöÇΓöÇΓöÇΓöÇΓöÇΓöÇΓöÇΓöÇΓöÇΓöÇΓöÇΓöÇΓöÇΓöÇΓöÇΓöÇΓöÇΓöÇΓöÇΓöÇΓöÇΓöÇΓöÇΓöÇΓöÇΓöÇΓöÇΓöÇΓöÇΓöÇΓöÇΓöÇΓöÇΓöÇΓöÇΓöÇΓöÇΓöÇΓöÇΓöÇΓöÇΓöÇΓöÇΓöÇΓöÇΓöÇΓöÇΓöÇΓöÇΓöÇΓöÇΓöÇΓöÇΓöÇΓöÇΓöÇΓöÇΓöÇΓöÇΓöÇΓöÇΓöÇΓöÇΓöÇΓöÇΓöÇΓöÇΓöÇΓöÇΓöÇΓöÇΓöÇΓöÇΓöÇΓöÇΓöÇΓöÇΓöÉ
  Γöé Cypress:        13.17.0                                                                        Γöé
  Γöé Browser:        Electron 118 (headless)                                                        Γöé
  Γöé Node Version:   v22.16.0 (C:\Program Files\nodejs\node.exe)                                    Γöé
  Γöé Specs:          1 found (admin-restaurants.cy.ts)                                              Γöé
  Γöé Searched:       C:\Dev\kodeme\cypress\e2e\admin-restaurants.cy.ts                              Γöé
  ΓööΓöÇΓöÇΓöÇΓöÇΓöÇΓöÇΓöÇΓöÇΓöÇΓöÇΓöÇΓöÇΓöÇΓöÇΓöÇΓöÇΓöÇΓöÇΓöÇΓöÇΓöÇΓöÇΓöÇΓöÇΓöÇΓöÇΓöÇΓöÇΓöÇΓöÇΓöÇΓöÇΓöÇΓöÇΓöÇΓöÇΓöÇΓöÇΓöÇΓöÇΓöÇΓöÇΓöÇΓöÇΓöÇΓöÇΓöÇΓöÇΓöÇΓöÇΓöÇΓöÇΓöÇΓöÇΓöÇΓöÇΓöÇΓöÇΓöÇΓöÇΓöÇΓöÇΓöÇΓöÇΓöÇΓöÇΓöÇΓöÇΓöÇΓöÇΓöÇΓöÇΓöÇΓöÇΓöÇΓöÇΓöÇΓöÇΓöÇΓöÇΓöÇΓöÇΓöÇΓöÇΓöÇΓöÇΓöÇΓöÇΓöÇΓöÇΓöÇΓöÇΓöÇΓöÇΓöÇΓöÇΓöÿ


ΓöÇΓöÇΓöÇΓöÇΓöÇΓöÇΓöÇΓöÇΓöÇΓöÇΓöÇΓöÇΓöÇΓöÇΓöÇΓöÇΓöÇΓöÇΓöÇΓöÇΓöÇΓöÇΓöÇΓöÇΓöÇΓöÇΓöÇΓöÇΓöÇΓöÇΓöÇΓöÇΓöÇΓöÇΓöÇΓöÇΓöÇΓöÇΓöÇΓöÇΓöÇΓöÇΓöÇΓöÇΓöÇΓöÇΓöÇΓöÇΓöÇΓöÇΓöÇΓöÇΓöÇΓöÇΓöÇΓöÇΓöÇΓöÇΓöÇΓöÇΓöÇΓöÇΓöÇΓöÇΓöÇΓöÇΓöÇΓöÇΓöÇΓöÇΓöÇΓöÇΓöÇΓöÇΓöÇΓöÇΓöÇΓöÇΓöÇΓöÇΓöÇΓöÇΓöÇΓöÇΓöÇΓöÇΓöÇΓöÇΓöÇΓöÇΓöÇΓöÇΓöÇΓöÇΓöÇΓöÇΓöÇΓöÇΓöÇΓöÇ
                                                                                                    
  Running:  admin-restaurants.cy.ts                                                         (1 of 1)


  Admin Restaurant Settings
    1) displays initial default state with empty restaurants
    2) allows entering a city name
    3) allows changing perimeter value
    ΓêÜ displays curated restaurant list input (4348ms)
    ΓêÜ handles no restaurants selected state gracefully (4677ms)
    4) displays city badge when city is validated and selected
    5) allows changing city after selection
    6) displays error message on failed city validation
    7) persists city selection across page reload
    8) persists perimeter and city across multiple tab switches
    9) shows responsive layout on mobile
    10) preserves restaurant data when returned from another settings tab
    11) allows clearing perimeter and re-entering


  2 passing (2m)
  11 failing

  1) Admin Restaurant Settings
       displays initial default state with empty restaurants:

      Timed out retrying after 5000ms
      + expected - actual

      -'10'
      +'5'
      
      at Context.eval (webpack://kodeme/./cypress/e2e/admin-restaurants.cy.ts:30:56)

  2) Admin Restaurant Settings
       allows entering a city name:
     AssertionError: Timed out retrying after 5000ms: Expected to find element: `input[placeholder="Enter city name"]`, but never found it.
      at Context.eval (webpack://kodeme/./cypress/e2e/admin-restaurants.cy.ts:34:0)

  3) Admin Restaurant Settings
       allows changing perimeter value:

      Timed out retrying after 4000ms
      + expected - actual

      -'105'
      +'10'
      
      at Context.eval (webpack://kodeme/./cypress/e2e/admin-restaurants.cy.ts:50:0)

  4) Admin Restaurant Settings
       displays city badge when city is validated and selected:
     AssertionError: Timed out retrying after 4000ms: Expected to find element: `input[placeholder="Enter city name"]`, but never found it.
      at Context.eval (webpack://kodeme/./cypress/e2e/admin-restaurants.cy.ts:81:0)

  5) Admin Restaurant Settings
       allows changing city after selection:
     AssertionError: Timed out retrying after 4000ms: Expected to find element: `input[placeholder="Enter city name"]`, but never found it.
      at Context.eval (webpack://kodeme/./cypress/e2e/admin-restaurants.cy.ts:97:0)

  6) Admin Restaurant Settings
       displays error message on failed city validation:
     AssertionError: Timed out retrying after 4000ms: Expected to find element: `input[placeholder="Enter city name"]`, but never found it.
      at Context.eval (webpack://kodeme/./cypress/e2e/admin-restaurants.cy.ts:108:0)

  7) Admin Restaurant Settings
       persists city selection across page reload:
     AssertionError: Timed out retrying after 4000ms: Expected to find element: `input[placeholder="Enter city name"]`, but never found it.
      at Context.eval (webpack://kodeme/./cypress/e2e/admin-restaurants.cy.ts:115:0)

  8) Admin Restaurant Settings
       persists perimeter and city across multiple tab switches:
     AssertionError: Timed out retrying after 4000ms: Expected to find element: `input[placeholder="Enter city name"]`, but never found it.
      at Context.eval (webpack://kodeme/./cypress/e2e/admin-restaurants.cy.ts:131:0)

  9) Admin Restaurant Settings
       shows responsive layout on mobile:
     AssertionError: Timed out retrying after 5000ms: Expected to find element: `input[placeholder="Enter city name"]`, but never found it.
      at Context.eval (webpack://kodeme/./cypress/e2e/admin-restaurants.cy.ts:154:72)

  10) Admin Restaurant Settings
       preserves restaurant data when returned from another settings tab:
     AssertionError: Timed out retrying after 4000ms: Expected to find element: `input[placeholder="Enter city name"]`, but never found it.
      at Context.eval (webpack://kodeme/./cypress/e2e/admin-restaurants.cy.ts:158:0)

  11) Admin Restaurant Settings
       allows clearing perimeter and re-entering:

      Timed out retrying after 4000ms
      + expected - actual

      -'155'
      +'15'
      
      at Context.eval (webpack://kodeme/./cypress/e2e/admin-restaurants.cy.ts:184:0)




  (Results)

  ΓöîΓöÇΓöÇΓöÇΓöÇΓöÇΓöÇΓöÇΓöÇΓöÇΓöÇΓöÇΓöÇΓöÇΓöÇΓöÇΓöÇΓöÇΓöÇΓöÇΓöÇΓöÇΓöÇΓöÇΓöÇΓöÇΓöÇΓöÇΓöÇΓöÇΓöÇΓöÇΓöÇΓöÇΓöÇΓöÇΓöÇΓöÇΓöÇΓöÇΓöÇΓöÇΓöÇΓöÇΓöÇΓöÇΓöÇΓöÇΓöÇΓöÇΓöÇΓöÇΓöÇΓöÇΓöÇΓöÇΓöÇΓöÇΓöÇΓöÇΓöÇΓöÇΓöÇΓöÇΓöÇΓöÇΓöÇΓöÇΓöÇΓöÇΓöÇΓöÇΓöÇΓöÇΓöÇΓöÇΓöÇΓöÇΓöÇΓöÇΓöÇΓöÇΓöÇΓöÇΓöÇΓöÇΓöÇΓöÇΓöÇΓöÇΓöÇΓöÇΓöÇΓöÇΓöÇΓöÇΓöÇΓöÉ
  Γöé Tests:        13                                                                               Γöé
  Γöé Passing:      2                                                                                Γöé
  Γöé Failing:      11                                                                               Γöé
  Γöé Pending:      0                                                                                Γöé
  Γöé Skipped:      0                                                                                Γöé
  Γöé Screenshots:  11                                                                               Γöé
  Γöé Video:        false                                                                            Γöé
  Γöé Duration:     1 minute, 57 seconds                                                             Γöé
  Γöé Spec Ran:     admin-restaurants.cy.ts                                                          Γöé
  ΓööΓöÇΓöÇΓöÇΓöÇΓöÇΓöÇΓöÇΓöÇΓöÇΓöÇΓöÇΓöÇΓöÇΓöÇΓöÇΓöÇΓöÇΓöÇΓöÇΓöÇΓöÇΓöÇΓöÇΓöÇΓöÇΓöÇΓöÇΓöÇΓöÇΓöÇΓöÇΓöÇΓöÇΓöÇΓöÇΓöÇΓöÇΓöÇΓöÇΓöÇΓöÇΓöÇΓöÇΓöÇΓöÇΓöÇΓöÇΓöÇΓöÇΓöÇΓöÇΓöÇΓöÇΓöÇΓöÇΓöÇΓöÇΓöÇΓöÇΓöÇΓöÇΓöÇΓöÇΓöÇΓöÇΓöÇΓöÇΓöÇΓöÇΓöÇΓöÇΓöÇΓöÇΓöÇΓöÇΓöÇΓöÇΓöÇΓöÇΓöÇΓöÇΓöÇΓöÇΓöÇΓöÇΓöÇΓöÇΓöÇΓöÇΓöÇΓöÇΓöÇΓöÇΓöÇΓöÇΓöÇΓöÿ


  (Screenshots)

  -  C:\Dev\kodeme\cypress\screenshots\admin-restaurants.cy.ts\Admin Restaurant Setti     (1280x720)
     ngs -- displays initial default state with empty restaurants (failed).png                      
  -  C:\Dev\kodeme\cypress\screenshots\admin-restaurants.cy.ts\Admin Restaurant Setti     (1280x720)
     ngs -- allows entering a city name (failed).png                                                
  -  C:\Dev\kodeme\cypress\screenshots\admin-restaurants.cy.ts\Admin Restaurant Setti     (1280x720)
     ngs -- allows changing perimeter value (failed).png                                            
  -  C:\Dev\kodeme\cypress\screenshots\admin-restaurants.cy.ts\Admin Restaurant Setti     (1280x720)
     ngs -- displays city badge when city is validated and selected (failed).png                    
  -  C:\Dev\kodeme\cypress\screenshots\admin-restaurants.cy.ts\Admin Restaurant Setti     (1280x720)
     ngs -- allows changing city after selection (failed).png                                       
  -  C:\Dev\kodeme\cypress\screenshots\admin-restaurants.cy.ts\Admin Restaurant Setti     (1280x720)
     ngs -- displays error message on failed city validation (failed).png                           
  -  C:\Dev\kodeme\cypress\screenshots\admin-restaurants.cy.ts\Admin Restaurant Setti     (1280x720)
     ngs -- persists city selection across page reload (failed).png                                 
  -  C:\Dev\kodeme\cypress\screenshots\admin-restaurants.cy.ts\Admin Restaurant Setti     (1280x720)
     ngs -- persists perimeter and city across multiple tab switches (failed).png                   
  -  C:\Dev\kodeme\cypress\screenshots\admin-restaurants.cy.ts\Admin Restaurant Setti     (1280x720)
     ngs -- shows responsive layout on mobile (failed).png                                          
  -  C:\Dev\kodeme\cypress\screenshots\admin-restaurants.cy.ts\Admin Restaurant Setti     (1280x720)
     ngs -- preserves restaurant data when returned from another settings tab (failed               
     ).png                                                                                          
  -  C:\Dev\kodeme\cypress\screenshots\admin-restaurants.cy.ts\Admin Restaurant Setti     (1280x720)
     ngs -- allows clearing perimeter and re-entering (failed).png                                  


====================================================================================================

  (Run Finished)


       Spec                                              Tests  Passing  Failing  Pending  Skipped  
  ΓöîΓöÇΓöÇΓöÇΓöÇΓöÇΓöÇΓöÇΓöÇΓöÇΓöÇΓöÇΓöÇΓöÇΓöÇΓöÇΓöÇΓöÇΓöÇΓöÇΓöÇΓöÇΓöÇΓöÇΓöÇΓöÇΓöÇΓöÇΓöÇΓöÇΓöÇΓöÇΓöÇΓöÇΓöÇΓöÇΓöÇΓöÇΓöÇΓöÇΓöÇΓöÇΓöÇΓöÇΓöÇΓöÇΓöÇΓöÇΓöÇΓöÇΓöÇΓöÇΓöÇΓöÇΓöÇΓöÇΓöÇΓöÇΓöÇΓöÇΓöÇΓöÇΓöÇΓöÇΓöÇΓöÇΓöÇΓöÇΓöÇΓöÇΓöÇΓöÇΓöÇΓöÇΓöÇΓöÇΓöÇΓöÇΓöÇΓöÇΓöÇΓöÇΓöÇΓöÇΓöÇΓöÇΓöÇΓöÇΓöÇΓöÇΓöÇΓöÇΓöÇΓöÇΓöÇΓöÇΓöÇΓöÉ
  Γöé ├ù  admin-restaurants.cy.ts                  01:57       13        2       11        -        - Γöé
  ΓööΓöÇΓöÇΓöÇΓöÇΓöÇΓöÇΓöÇΓöÇΓöÇΓöÇΓöÇΓöÇΓöÇΓöÇΓöÇΓöÇΓöÇΓöÇΓöÇΓöÇΓöÇΓöÇΓöÇΓöÇΓöÇΓöÇΓöÇΓöÇΓöÇΓöÇΓöÇΓöÇΓöÇΓöÇΓöÇΓöÇΓöÇΓöÇΓöÇΓöÇΓöÇΓöÇΓöÇΓöÇΓöÇΓöÇΓöÇΓöÇΓöÇΓöÇΓöÇΓöÇΓöÇΓöÇΓöÇΓöÇΓöÇΓöÇΓöÇΓöÇΓöÇΓöÇΓöÇΓöÇΓöÇΓöÇΓöÇΓöÇΓöÇΓöÇΓöÇΓöÇΓöÇΓöÇΓöÇΓöÇΓöÇΓöÇΓöÇΓöÇΓöÇΓöÇΓöÇΓöÇΓöÇΓöÇΓöÇΓöÇΓöÇΓöÇΓöÇΓöÇΓöÇΓöÇΓöÇΓöÇΓöÿ
    ├ù  1 of 1 failed (100%)                     01:57       13        2       11        -        -  

